// Jest Snapshot v1, https://goo.gl/fbAQLP

exports[`Button component Matches the snapshot 1`] = `
<button>
  Signup
</button>
`;

exports[`Link matches snapshot 1`] = `
<a
  href="/login"
  onClick={[Function]}
/>
`;

exports[`button component matches the snapshot 1`] = `
<button>
  Signup
</button>
`;

exports[`link matches snapshot 1`] = `
<a
  href="/login"
  onClick={[Function]}
/>
`;
